#./src/main/resources/Entities.map
#Sun Feb 24 20:11:08 CET 2019
socialAdministrator2=536
socialAdministrator1=535
socialbrotherhood2=540
socialbrotherhood1=539
socialmember2=538
socialmember1=537
procession2=517
procession1=516
outBoxAdmin2=474
brotherhood2=513
trashBoxBrotherhood2=495
outBoxAdmin1=469
brotherhood1=512
finder2=498
trashBoxBrotherhood1=490
finder1=497
spamBoxMember2=483
spamBoxMember1=478
trashBoxAdmin2=475
trashBoxAdmin1=470
spamBoxBrotherhood2=493
spamBoxBrotherhood1=488
userAdmin2=461
userAdmin1=460
administrator2=511
administrator1=510
member2=515
member1=514
notificationBoxBrotherhood2=496
notificationBoxBrotherhood1=491
spamBoxAdmin2=473
spamBoxAdmin1=468
inBoxBrotherhood2=492
inBoxBrotherhood1=487
march2=525
march1=524
sysConf=466
POSITION7=505
POSITION6=504
inBoxMember2=482
POSITION5=503
notificationBoxMember2=486
inBoxMember1=477
POSITION4=502
notificationBoxMember1=481
POSITION3=501
POSITION2=500
POSITION1=499
outBoxBrotherhood2=494
outBoxBrotherhood1=489
userMember2=463
userMember1=462
inBoxAdmin2=472
inBoxAdmin1=467
enrolment2=523
enrolment1=522
message9=534
message8=533
message7=532
platform4=521
message6=531
platform3=520
trashBoxMember2=485
platform2=519
trashBoxMember1=480
message5=530
platform1=518
outBoxMember2=484
message4=529
outBoxMember1=479
message3=528
zone4=509
message2=527
zone3=508
message1=526
zone2=507
zone1=506
notificationBoxAdmin2=476
notificationBoxAdmin1=471
userBrotherhood2=465
userBrotherhood1=464
