#./src/main/resources/Entities.map
#Fri Mar 01 20:26:42 CET 2019
socialAdministrator2=538
socialAdministrator1=537
socialbrotherhood2=542
socialbrotherhood1=541
socialmember2=540
socialmember1=539
procession2=518
procession1=517
outBoxAdmin2=475
brotherhood2=514
trashBoxBrotherhood2=496
outBoxAdmin1=470
brotherhood1=513
finder2=499
trashBoxBrotherhood1=491
finder1=498
spamBoxMember2=484
spamBoxMember1=479
trashBoxAdmin2=476
trashBoxAdmin1=471
spamBoxBrotherhood2=494
spamBoxBrotherhood1=489
userAdmin2=462
userAdmin1=461
administrator2=512
administrator1=511
member2=516
member1=515
notificationBoxBrotherhood2=497
notificationBoxBrotherhood1=492
spamBoxAdmin2=474
spamBoxAdmin1=469
inBoxBrotherhood2=493
inBoxBrotherhood1=488
march3=526
march2=527
march1=525
sysConf=467
POSITION7=506
POSITION6=505
inBoxMember2=483
POSITION5=504
notificationBoxMember2=487
inBoxMember1=478
POSITION4=503
notificationBoxMember1=482
POSITION3=502
POSITION2=501
POSITION1=500
outBoxBrotherhood2=495
outBoxBrotherhood1=490
userMember2=464
userMember1=463
inBoxAdmin2=473
inBoxAdmin1=468
enrolment2=524
enrolment1=523
message9=536
message8=535
message7=534
platform4=522
message6=533
platform3=521
trashBoxMember2=486
message5=532
platform2=520
trashBoxMember1=481
platform1=519
outBoxMember2=485
message4=531
outBoxMember1=480
message3=530
zone4=510
message2=529
zone3=509
message1=528
zone2=508
zone1=507
notificationBoxAdmin2=477
notificationBoxAdmin1=472
userBrotherhood2=466
userBrotherhood1=465
